创建版本库:
$ mkdir learngit
$ cd learngit
$ pwd

$ls -ah

$ git add git总结.txt

$ git config --global user.name invictus
$ git config --global user.email 694569409@qq.com

$ git remote add origin git@github.com:lywlong/localRepository.git 连接github系统
$ git pull --rebase origin master 合并
$ git push -u origin master 更新

$ ssh-keygen -t rsa -C "xxxxx@xx.com" 填写email地址，然后一直“回车”，获取key

$ git status
$ git diff git总结.txt
"-"表示变动前的文件,"+++"表示变动后的文件.

@@ -1,7 +1,7 @@
前面的"-1,7″分成三个部分:减号表示第一个文件(即f1),"1″表示第1行,"7″表示连续7行.合在一起,就表示下面是第一个文件从第1行开始的连续7行.同样的,"+1,7″表示变动后,成为第二个文件从第1行开始的连续7行.

如果git status告诉你有文件被修改过，用git diff可以查看修改内容。

历史记录，在Git中，我们用git log命令查看  :  $ git log --pretty=oneline

cat git总结.txt:打开文本

命令git reflog用来记录你的每一次命令  $ git reset --hard HEAD^：回到某个版本 git reset --hard commit_id
命令git checkout -- readme.txt意思就是，把readme.txt文件在工作区的修改全部撤销，这里有两种情况：
一种是readme.txt自修改后还没有被放到暂存区，现在，撤销修改就回到和版本库一模一样的状态；
一种是readme.txt已经添加到暂存区后，又作了修改，现在，撤销修改就回到添加到暂存区后的状态。
总之，就是让这个文件回到最近一次git commit或git add时的状态。

git merge命令用于合并指定分支到当前分支。
查看分支：git branch
创建分支：git branch <name>
切换分支：git checkout <name>
创建+切换分支：git checkout -b <name>
合并某分支到当前分支：git merge <name>
删除分支：git branch -d <name>

下拉远程仓库代码：git clone https://github.com/lywlong/demo.git

rebase操作可以把本地未push的分叉提交历史整理成直线；
rebase的目的是使得我们在查看历史提交的变化时更容易，因为分叉的提交需要三方对比。

在Git工作区的根目录下创建一个特殊的.gitignore文件，然后把要忽略的文件名填进去，Git就会自动忽略这些文件。

不需要从头写.gitignore文件，GitHub已经为我们准备了各种配置文件，只需要组合一下就可以使用了。所有配置文件可以直接在线浏览：https://github.com/github/gitignore

忽略文件的原则是：

忽略操作系统自动生成的文件，比如缩略图等；
忽略编译生成的中间文件、可执行文件等，也就是如果一个文件是通过另一个文件自动生成的，那自动生成的文件就没必要放进版本库，比如Java编译产生的.class文件；
忽略你自己的带有敏感信息的配置文件，比如存放口令的配置文件。

配置别名

如果敲git st就表示git status那就简单多了，当然这种偷懒的办法我们是极力赞成的。
告诉Git，以后st就表示status：
$ git config --global alias.st status

有一个仓库，叫Repo A。你如果要往里面贡献代码，首先要Fork这个Repo，于是在你的Github账号下有了一个Repo A2,。然后你在这个A2下工作，Commit，push等。然后你希望原始仓库Repo A合并你的工作，你可以在Github上发起一个Pull Request，意思是请求Repo A的所有者从你的A2合并分支。如果被审核通过并正式合并，这样你就为项目A做贡献了
------------------------------------------------------------------------------------------------------------------------------------------
windows环境下，搭建git服务器,并同步到远程githup上：
一、：设置自己的名字和邮箱：
因为Git是分布式版本控制系统，所以，每个机器都必须自报家门：你的名字和Email地址。在命令行中输入以下命令并填入相关信息：
$ git config --global user.name "Your Name"
$ git config --global user.email "email@example.com"
————————————————
二：在本地创建版本库：
①：找到一个适当的地方，点击右键Git Bash Here进入命令行输入以下命令创建一个文件夹：
$ mkdir Test
$ cd Test
$ pwd
/Test

pwd命令显示当前目录，记录路径方便下面的操作。
②通过--git init---命令把此目录变为可以Git管理的仓库，经过这个操作，当前目录下多了一个.git的目录，这个目录是Git来跟踪管理版本库的，一般情况下不要修改以防破坏Git仓库。
$ git init
Initialized empty Git repository in D:/Git/Test/.git/

三：添加文件到版本库
我们可以先打开文件夹，先创建一个hellogit.txt放入该目录下。经过以下两步就可将文件放入到版本库中了：
①：用命令git add告诉Git，把文件添加到仓库
$ git add hellogit.txt
如果是项目下：git add . ----.代表添加文件夹下所有文件
②： 用命令git commit -m “wrote a readme file”
告诉Git，把文件提交到仓库，此处的wrote a readme file为本次提交的说明，可以输入任意内容，当然最好是有意义的，这样你就能从历史记录里方便地找到改动记录
$ git commit -m "hellogit"
[master (root-commit) 6c4fe71] hellogit
 1 file changed, 0 insertions(+), 0 deletions(-)
 create mode 100644 hellogit.txt
四：添加远程库
此时你已经在本地创建了一个Git仓库后，又想在GitHub创建一个Git仓库，并且让这两个仓库进行远程同步，这样，GitHub上的仓库既可以作为备份，又可以让其他人通过该仓库来协作。
①注册并登录GitHub，按照以下三步操作即可创建一个仓库。第一步为创建一个新的仓库，第二步为仓库起一个名字Test，第三步确认创建。
②可以把一个已有的本地仓库与之关联，然后把本地仓库的内容推送到GitHub仓库。按照上面提示创建完成后会转到当前页面。注意圈出的内容，将以下内容复制。
复制完成后，回到我们的Git Bash，输入以下命令，再粘贴上刚才复制的内容，就将我们本地的仓库和远程库连接了起来。
git remote add origin https://github.com/lywlong/gitdemo.git

五：传文件到远程库
按照前面的提示，我们已经安装好了本地的仓库以及远程的仓库，并且进行了简单的配置，这时候我们可以尝试提交文件了。输入push命令：
$ git push -u origin master
Counting objects: 3, done.
Writing objects: 100% (3/3), 208 bytes | 0 bytes/s, done.
Total 3 (delta 0), reused 0 (delta 0)
To git@github.com:SssUuuu/Test.git
 * [new branch]      master -> master
Branch master set up to track remote branch master from origin.

完成之后我们再刷新GitHub就能看到文件已经同步完成。

以后只要本地作了提交，就可以通过以下命令来把本地最新修改推送至GitHub
 git push origin master
也就是说以后我们想在远程仓库中同步我们的文件，只需要先将文件传到本地仓库，再push到远程库：
$ git add hellogit.txt
$ git commit -m "hellogit"
 git push origin master

最后需要说明的一点是，如果本地仓库为空是不能提交的，如果运行git push -u origin master出现error错误，一般情况下都是仅进行了init操作，没有进行add与commit操作。
————————————————

本地Git与远程GitHub连接的建立
这一步操作至关重要，只有将Git本地与远程的GitHub建立了连接以后我们本地的项目才能上传至远程服务器
1、Git终端的配置，生成公钥文件，用来连接github
在git终端输入如下命令，然后连续敲3个回车即可：
ssh-keygen -t rsa -C (这里是你的邮箱地址)
效果如下：

2、本地的配置
2.1 命令执行成功后，在本地电脑的C:\Users\dell下的名为.ssh的目录下找到名为id_rsa.pub的文件，打开这个文件后将里面的内容先复制下来；
2.2 这里还需要进行的一步操作是：为了防止git连接失败，可在.ssh文件夹下新建一个无后缀的名称为config的文件，在里面加入下面代码：

Host github.com
User git 
Hostname ssh.github.com
PreferredAuthentications publickey
IdentityFile ~/.ssh/id_rsa
Port 443
3、远程的配置
进入到GitHub的官网，点击右上角图标下的settings:

然后，在出现的左边的settings栏目中选择SSH and GPG Keys：

然后在出来的左边的框框中选择 New SSH：

弹出下图：

其中Title可以随意写个名字，Key里面的内容需要将2.1步中复制的id_rsa.pub文件中的内容拷贝进去，注意不是config文件的代码！最后点击Add即可。
4、验证连接是否成功建立
在git终端上输入如下命令：

ssh -T git@github.com
如果出现下图所示的内容说明连接成功

如果出现错误可以尝试通过执行 ssh -T -p 22 git@github.com 命令来解决，其中-p 22表示将服务器端口改为22。

六、查看git配置命令：
查看系统config
git config --system --list
查看当前用户（global）配置
git config --global  --list
查看当前仓库配置信息
git config --local  --list
